// Jest Snapshot v1, https://goo.gl/fbAQLP

exports[`Card renders to UI as expected 1`] = `
<div
  className="Card"
>
  <button
    type="button"
  >
    delete
  </button>
  <h3>
    something
  </h3>
  <p>
    someotherthing
  </p>
</div>
`;
